mom4/drivers/ocean_solo.html
mom4/ocean_core/ocean_advection_velocity.html
mom4/ocean_core/ocean_bbc.html
mom4/ocean_core/ocean_coriolis.html
mom4/ocean_core/ocean_density.html
mom4/ocean_core/ocean_domains.html
mom4/ocean_core/ocean_freesurf.html
mom4/ocean_core/ocean_grids.html
mom4/ocean_core/ocean_model.html
mom4/ocean_core/ocean_obc.html
mom4/ocean_core/ocean_operators.html
mom4/ocean_core/ocean_pressure.html
mom4/ocean_core/ocean_sbc.html
mom4/ocean_core/ocean_thickness.html
mom4/ocean_core/ocean_topog.html
mom4/ocean_core/ocean_tpm_util.html
mom4/ocean_core/ocean_tracer.html
mom4/ocean_core/ocean_tracer_advect.html
mom4/ocean_core/ocean_types.html
mom4/ocean_core/ocean_util.html
mom4/ocean_core/ocean_velocity.html
mom4/ocean_core/ocean_velocity_advect.html
mom4/ocean_core/ocean_workspace.html
mom4/ocean_diag/ocean_adv_vel_diag.html
mom4/ocean_diag/ocean_diagnostics.html
mom4/ocean_diag/ocean_tracer_diag.html
mom4/ocean_diag/ocean_tracer_util.html
mom4/ocean_diag/ocean_velocity_diag.html
mom4/ocean_param/mixing/convect/ocean_convect.html
mom4/ocean_param/mixing/horz/tracer/bih/ocean_horz_diffuse.html
mom4/ocean_param/mixing/horz/tracer/lap/ocean_horz_diffuse.html
mom4/ocean_param/mixing/horz/velocity/bih/const/ocean_bih_friction.html
mom4/ocean_param/mixing/horz/velocity/bih/general/ocean_bih_friction.html
mom4/ocean_param/mixing/horz/velocity/lap/const/ocean_lap_friction.html
mom4/ocean_param/mixing/horz/velocity/lap/general/ocean_lap_friction.html
mom4/ocean_param/mixing/neutral/ocean_neutral_physics.html
mom4/ocean_param/mixing/polarfilter/ocean_polar_filter.html
mom4/ocean_param/mixing/sigma/ocean_sigma_diffuse.html
mom4/ocean_param/mixing/vert/ocean_vert_mix.html
mom4/ocean_param/mixing/vert/const/ocean_vert_mix_coeff.html
mom4/ocean_param/mixing/vert/kpp/ocean_vert_mix_coeff.html
mom4/ocean_param/mixing/vert/pp/ocean_vert_mix_coeff.html
mom4/ocean_param/sources/overflow/ocean_overflow.html
mom4/ocean_param/sources/rivermix/ocean_rivermix.html
mom4/ocean_param/sources/rivermix/ocean_riverspread.html
mom4/ocean_param/sources/shortwave/ocean_shortwave_pen.html
mom4/ocean_param/sources/sponge/ocean_sponges.html
mom4/ocean_param/sources/xlandinsert/ocean_xlandinsert.html
mom4/ocean_param/sources/xlandmix/ocean_xlandmix.html
mom4/ocean_tracers/ocean_age_tracer.html
mom4/ocean_tracers/ocean_bgc_phyto.html
mom4/ocean_tracers/ocean_bgc_restore.html
mom4/ocean_tracers/ocean_tpm.html
mom4/ocean_tracers/ocmip2_biotic.html
mom4/ocean_tracers/ocmip2_cfc.html
mom4/ocean_tracers/ocmip2_co2calc.html
shared/amip_interp/amip_interp.html
shared/amip_interp/amip_interp.rey_oi.txt
shared/axis_utils/axis_utils.html
shared/constants/constants.html
shared/data_override/data_override.html
shared/diag_manager/diag_axis.html
shared/diag_manager/diag_manager.html
shared/diag_manager/diag_output.html
shared/diag_manager/diag_table_tk.html
shared/exchange/xgrid.html
shared/fft/fft.html
shared/field_manager/field_manager.html
shared/fms/fms.html
shared/fms/fms_io.html
shared/horiz_interp/horiz_interp.html
shared/horiz_interp/horiz_interp_bilinear.html
shared/horiz_interp/horiz_interp_conserve.html
shared/horiz_interp/horiz_interp_spherical.html
shared/horiz_interp/horiz_interp_type.html
shared/mpp/mpp.html
shared/mpp/mpp_domains.html
shared/mpp/mpp_io.html
shared/platform/platform.html
shared/sat_vapor_pres/sat_vapor_pres.html
shared/spherical_regrid/spherical_regrid.html
shared/time_interp/time_interp.html
shared/time_interp/time_interp_external.html
shared/time_manager/get_cal_time.html
shared/time_manager/time_manager.html
shared/topography/gaussian_topog.html
shared/topography/topography.html
shared/tracer_manager/tracer_manager.html
shared/tridiagonal/tridiagonal.html
coupler/coupler_main.html
coupler/flux_exchange.html
coupler/flux_exchange.tech.ps
coupler/surface_flux.html
atmos_spectral/tools/transforms.html
atmos_param/astronomy/astronomy.html
atmos_param/astronomy/astronomy.tech.ps
atmos_param/astronomy/astronomy.html
atmos_param/astronomy/astronomy.tech.ps
atmos_param/diag_integral/diag_integral.html
atmos_param/astronomy/astronomy.html
atmos_param/astronomy/astronomy.tech.ps
atmos_param/diag_integral/diag_integral.html
atmos_param/monin_obukhov/monin_obukhov.html
atmos_param/monin_obukhov/monin_obukhov.tech.ps
ice_param/ice_albedo.html
ice_param/ocean_albedo.html
ice_param/ocean_rough.html
atmos_spectral/tools/transforms.html
ice_sis/fig1.txt
ice_sis/fig2.txt
ice_sis/fig3.txt
ice_sis/sis.html
ice_sis/sis.ps
